[www.hirchert.com/index.html]
[backblue.gif]
[fade.gif]
[index.html]
[www.hirchert.com/uploads/3/7/3/5/37352185/frontpage-main-02_orig.png]
[www.hirchert.com/uploads/3/7/3/5/37352185/logo3.png]
[cdn2.editmysite.com/fonts/Karla/fontc81e.css]
[cdn2.editmysite.com/fonts/Oswald/fontc81e.css]
[cdn2.editmysite.com/fonts/Roboto_Mono/fontc81e.css]
[www.hirchert.com/files/theme/MutationObserver.js]
[cdn11.editmysite.com/css/sitesc7a6.css]
[cdn11.editmysite.com/css/old/fancyboxc7a6.css]
[cdn11.editmysite.com/css/social-iconsc7a6.css]
[www.hirchert.com/files/main_stylec35e.css]
[cdn2.editmysite.com/fonts/Universal_fruitcake/fontc81e.css]
[cdn2.editmysite.com/fonts/NeoRetroDraw/fontc81e.css]
[www.hirchert.com/files/templateArtifactsc35e.js]
[www.google.com/recaptcha/api.js]
[cdn2.editmysite.com/js/lang/en/stl8137.js]
[cdn11.editmysite.com/js/jquery-1.8.3.min.js]
[www.hirchert.com/2026.html]
[www.hirchert.com/construction.html]
[cdn11.editmysite.com/js/site/mainc7a6.js]
[www.hirchert.com/2025.html]
[www.hirchert.com/2024.html]
[www.hirchert.com/2023.html]
[www.hirchert.com/2022.html]
[www.hirchert.com/2021.html]
[www.hirchert.com/2019.html]
[www.hirchert.com/2018.html]
[www.hirchert.com/2017.html]
[www.hirchert.com/2016.html]
[www.hirchert.com/2015.html]
[www.hirchert.com/2014.html]
[www.hirchert.com/2013.html]
[www.hirchert.com/2012.html]
[www.hirchert.com/2011.html]
[www.hirchert.com/2010.html]
[www.hirchert.com/2009.html]
[www.hirchert.com/60.html]
[www.hirchert.com/59.html]
[www.hirchert.com/58.html]
[www.hirchert.com/57.html]
[www.hirchert.com/56.html]
[www.hirchert.com/55.html]
[www.hirchert.com/54.html]
[www.hirchert.com/53.html]
[www.hirchert.com/52.html]
[www.hirchert.com/51.html]
[www.hirchert.com/50.html]
[www.hirchert.com/49.html]
[www.hirchert.com/48.html]
[www.hirchert.com/47.html]
[www.hirchert.com/46.html]
[www.hirchert.com/45.html]
[www.hirchert.com/44.html]
[www.hirchert.com/43.html]
[www.hirchert.com/majors-challenge.html]
[www.hirchert.com/2026-results.html]
[www.hirchert.com/2025-results.html]
[www.hirchert.com/2024-results.html]
[www.hirchert.com/hirchert200.html]
[www.hirchert.com/balances.html]
[www.hirchert.com/winners.html]
[www.hirchert.com/draft-results.html]
[www.hirchert.com/record-book.html]
[www.hirchert.com/rules--payout.html]
[www.hirchert.com/cdn-cgi/l/email-protection]
[www.hirchert.com/cdn-cgi/scripts/5c5dd728/cloudflare-static/email-decode.min.js]
[www.hirchert.com/files/theme/pluginsed68.js]
[www.hirchert.com/files/theme/jquery.pxuMenued68.js]
[www.hirchert.com/files/theme/jquery.trended68.js]
[www.hirchert.com/files/theme/jquery.revealered68.js]
[www.hirchert.com/files/theme/custom-1ed68.js]
[www.hirchert.com/index.html]
[cdn2.editmysite.com/fonts/Karla/regular.eot]
[cdn2.editmysite.com/fonts/Karla/regular.woff2]
[cdn2.editmysite.com/fonts/Karla/regulard41d.eot]
[cdn2.editmysite.com/fonts/Karla/regular.woff]
[cdn3.editmysite.com/app/website/static/js/wsnbn/snowday262.js]
[cdn2.editmysite.com/fonts/Karla/bold.woff2]
[cdn2.editmysite.com/fonts/Karla/regular.ttf]
[cdn2.editmysite.com/fonts/Karla/bold.woff]
[cdn2.editmysite.com/fonts/Karla/bold.eot]
[cdn2.editmysite.com/fonts/Karla/boldd41d.eot]
[cdn2.editmysite.com/fonts/Karla/bold.ttf]
[cdn2.editmysite.com/fonts/Karla/italic.woff2]
[cdn2.editmysite.com/fonts/Karla/italic.eot]
[cdn2.editmysite.com/fonts/Karla/italic.woff]
[cdn2.editmysite.com/fonts/Karla/italicd41d.eot]
[cdn2.editmysite.com/fonts/Karla/bolditalic.eot]
[cdn2.editmysite.com/fonts/Karla/italic.ttf]
[cdn2.editmysite.com/fonts/Karla/bolditalic.woff2]
[cdn2.editmysite.com/fonts/Karla/bolditalic.woff]
[cdn2.editmysite.com/fonts/Karla/bolditalicd41d.eot]
[cdn2.editmysite.com/js/site/main-customer-accounts-sitec7a6.js]
[cdn2.editmysite.com/fonts/Karla/fontc81e.css]
[cdn2.editmysite.com/fonts/Oswald/light.woff2]
[cdn2.editmysite.com/fonts/Karla/bolditalic.ttf]
[cdn2.editmysite.com/fonts/Oswald/light.woff]
[cdn2.editmysite.com/fonts/Oswald/light.eot]
[cdn2.editmysite.com/fonts/Oswald/regular.woff2]
[cdn2.editmysite.com/fonts/Oswald/lightd41d.eot]
[cdn2.editmysite.com/fonts/Oswald/light.ttf]
[cdn2.editmysite.com/fonts/Oswald/regular.eot]
[cdn2.editmysite.com/fonts/Oswald/regular.woff]
[cdn2.editmysite.com/fonts/Oswald/regulard41d.eot]
[cdn2.editmysite.com/fonts/Oswald/bold.woff2]
[cdn2.editmysite.com/fonts/Oswald/regular.ttf]
[cdn2.editmysite.com/fonts/Oswald/bold.eot]
[cdn2.editmysite.com/fonts/Oswald/bold.woff]
[cdn2.editmysite.com/fonts/Oswald/fontc81e.css]
[cdn2.editmysite.com/fonts/Oswald/boldd41d.eot]
[cdn2.editmysite.com/fonts/Roboto_Mono/regular.woff2]
[cdn2.editmysite.com/fonts/Oswald/bold.ttf]
[cdn2.editmysite.com/fonts/Roboto_Mono/regular.woff]
[cdn2.editmysite.com/fonts/Roboto_Mono/regular.eot]
[cdn2.editmysite.com/fonts/Roboto_Mono/regulard41d.eot]
[cdn2.editmysite.com/fonts/Roboto_Mono/bold.woff2]
[cdn2.editmysite.com/fonts/Roboto_Mono/bold.woff]
[cdn2.editmysite.com/fonts/Roboto_Mono/regular.ttf]
[cdn2.editmysite.com/fonts/Roboto_Mono/bold.eot]
[cdn2.editmysite.com/fonts/Roboto_Mono/italic.woff2]
[cdn2.editmysite.com/fonts/Roboto_Mono/boldd41d.eot]
[cdn2.editmysite.com/fonts/Roboto_Mono/italic.woff]
[cdn2.editmysite.com/fonts/Roboto_Mono/bold.ttf]
[cdn2.editmysite.com/fonts/Roboto_Mono/italic.eot]
[cdn2.editmysite.com/fonts/Roboto_Mono/bolditalic.woff2]
[cdn2.editmysite.com/fonts/Roboto_Mono/italicd41d.eot]
[cdn2.editmysite.com/fonts/Roboto_Mono/bolditalic.woff]
[cdn2.editmysite.com/fonts/Roboto_Mono/italic.ttf]
[cdn2.editmysite.com/fonts/Roboto_Mono/bolditalic.eot]
[cdn2.editmysite.com/fonts/Roboto_Mono/fontc81e.css]
[cdn11.editmysite.com/images/util/videojs/white-bar.png]
[cdn11.editmysite.com/images/util/videojs/@2x/white-bar.png]
[cdn11.editmysite.com/images/util/videojs/gradient.png]
[cdn11.editmysite.com/images/util/videojs/@2x/gradient.png]
[cdn2.editmysite.com/fonts/Roboto_Mono/bolditalicd41d.eot]
[cdn11.editmysite.com/sprites/util/videojs-sacae758aa2.png]
[cdn2.editmysite.com/fonts/Roboto_Mono/bolditalic.ttf]
[cdn11.editmysite.com/sprites/util/videojs/@2x-s2aff7e7d9a.png]
[cdn11.editmysite.com/images/util/videojs/volume-filled.png]
[cdn11.editmysite.com/images/util/videojs/@2x/volume-filled.png]
[cdn11.editmysite.com/images/util/videojs/volume-mute.png]
[cdn11.editmysite.com/images/util/videojs/@2x/volume-mute.png]
[cdn11.editmysite.com/images/util/videojs/blue-bar.png]
[cdn11.editmysite.com/images/util/videojs/@2x/blue-bar.png]
[cdn11.editmysite.com/images/util/videojs/maximize-icon.png]
[cdn11.editmysite.com/images/util/videojs/@2x/maximize-icon.png]
[cdn11.editmysite.com/images/util/videojs/minimize-icon.png]
[cdn11.editmysite.com/images/util/videojs/@2x/minimize-icon.png]
[cdn11.editmysite.com/images/util/videojs/play-icon.png]
[cdn11.editmysite.com/images/util/videojs/@2x/play-icon.png]
[cdn11.editmysite.com/images/util/videojs/sad-face.png]
[cdn11.editmysite.com/images/util/videojs/@2x/sad-face.png]
[cdn11.editmysite.com/images/util/videojs/loading-icon.png]
[cdn11.editmysite.com/images/util/videojs/@2x/loading-icon.png]
[cdn11.editmysite.com/images/common/buttons/small_grey.png]
[cdn11.editmysite.com/images/common/buttons/small_blue.png]
[cdn11.editmysite.com/images/old/button/large_grey.png]
[cdn11.editmysite.com/images/common/buttons/large_blue.png]
[cdn11.editmysite.com/images/common/search-light.png]
[cdn11.editmysite.com/images/common/social_icons.png]
[cdn11.editmysite.com/images/common/blog/blog-comment-button.png]
[cdn11.editmysite.com/images/common/blog/blog-comment-header.png]
[cdn11.editmysite.com/images/common/blog/blog-comment-pointer.png]
[cdn11.editmysite.com/images/common/blog/blog-comment-link.png]
[cdn11.editmysite.com/images/common/blog/blog-comment-header-author.png]
[cdn11.editmysite.com/images/common/blog/blog-comment-pointer-author.png]
[cdn11.editmysite.com/images/common/blog/blog-comment-field-bg.png]
[cdn11.editmysite.com/images/common/blog/dark-blog-comment-header.png]
[cdn11.editmysite.com/images/common/blog/dark-blog-comment-pointer.png]
[cdn11.editmysite.com/images/common/blog/dark-blog-comment-header-author.png]
[cdn11.editmysite.com/images/common/blog/dark-blog-comment-pointer-author.png]
[cdn11.editmysite.com/images/common/blog/dark-blog-comment-link.png]
[cdn11.editmysite.com/images/util/general/blank.gif]
[cdn11.editmysite.com/images/common/lightbox/prevlabel.gif]
[cdn11.editmysite.com/images/common/lightbox/nextlabel.gif]
[cdn11.editmysite.com/sprites/util/inputs/checkmarkBox-s7868418152.png]
[cdn11.editmysite.com/sprites/util/inputs/checkmarkBox/@2x-s211a47d318.png]
[cdn11.editmysite.com/images/util/inputs/search-input-bg.jpg]
[cdn11.editmysite.com/images/common/magnifying-glass.png]
[cdn11.editmysite.com/images/common/checkmarks/checkmark-mini.png]
[cdn11.editmysite.com/images/common/checkmarks/@2x/checkmark-mini.png]
[cdn11.editmysite.com/images/common/search-pagination-bg.png]
[cdn11.editmysite.com/images/util/general/top-triangle-000.png]
[cdn11.editmysite.com/images/util/general/bottom-triangle-000.png]
[cdn11.editmysite.com/images/util/general/top-triangle-000@2x.png]
[cdn11.editmysite.com/images/util/general/bottom-triangle-000@2x.png]
[cdn11.editmysite.com/sprites/common/social-icons-s5ea5500bdb.png]
[cdn11.editmysite.com/sprites/common/social-icons/@2x-s0ae7d70c70.png]
[cdn11.editmysite.com/sprites/site/mini-cart-s86c48effae.png]
[cdn11.editmysite.com/sprites/site/mini-cart/@2x-s576cbc3f90.png]
[cdn11.editmysite.com/images/loading.gif]
[cdn11.editmysite.com/sprites/site/mobile/commerce-sdf6d4e852c.png]
[cdn11.editmysite.com/sprites/site/mobile/commerce/@2x-s82f968c453.png]
[cdn11.editmysite.com/images/site/checkout/paypal.png]
[cdn11.editmysite.com/images/site/checkout/@2x/paypal.png]
[cdn11.editmysite.com/images/site/checkout/credit-cards.png]
[cdn11.editmysite.com/images/site/checkout/@2x/credit-cards.png]
[cdn11.editmysite.com/images/site/checkout/print.png]
[cdn11.editmysite.com/images/site/checkout/print@2x.png]
[cdn11.editmysite.com/images/vendor/select2/select2.png]
[cdn11.editmysite.com/images/vendor/select2/select2-spinner.gif]
[cdn11.editmysite.com/images/vendor/select2/select2x2.png]
[cdn11.editmysite.com/images/util/spinner/spinner-dark.png]
[cdn11.editmysite.com/images/util/spinner/spinner-light.png]
[cdn11.editmysite.com/images/util/loading-white-w24.gif]
[cdn11.editmysite.com/images/common/form_input_bg.gif]
[cdn11.editmysite.com/sprites/site/forms-s3786257308.png]
[cdn11.editmysite.com/sprites/site/forms/@2x-s47607b315a.png]
[cdn11.editmysite.com/images/blank.gif]
[cdn11.editmysite.com/images/old/photoswipe/loader.gif]
[cdn11.editmysite.com/images/old/photoswipe/error.gif]
[cdn11.editmysite.com/images/old/photoswipe/icons.png]
[cdn11.editmysite.com/images/old/photoswipe/icons@2x.png]
[cdn11.editmysite.com/css/sitesc7a6.css]
[cdn11.editmysite.com/images/old/fancybox/fancybox_sprite.png]
[cdn11.editmysite.com/images/old/fancybox/fancybox_loading.gif]
[cdn11.editmysite.com/images/old/fancybox/blank.gif]
[cdn11.editmysite.com/images/old/fancybox/fancybox_overlay.png]
[cdn11.editmysite.com/css/old/fancyboxc7a6.css]
[cdn11.editmysite.com/css/social-iconsc7a6.css]
[www.hirchert.com/files/theme/images/default-bgc35e.jpg]
[www.hirchert.com/files/theme/images/chevron-downc35e.svg]
[www.hirchert.com/files/theme/images/arrow-lightc35e.svg]
[www.hirchert.com/files/main_stylec35e.css]
[www.hirchert.com/files/theme/images/arrow-darkc35e.svg]
[cdn2.editmysite.com/fonts/Universal_fruitcake/fontc81e.css]
[cdn2.editmysite.com/fonts/Universal_fruitcake/regular.eot]
[cdn2.editmysite.com/fonts/Universal_fruitcake/regular.ttf]
[cdn2.editmysite.com/fonts/Universal_fruitcake/regulard41d.eot]
[cdn2.editmysite.com/fonts/NeoRetroDraw/fontc81e.css]
[www.hirchert.com/files/templateArtifactsc35e.js]
[www.hirchert.com/uploads/3/7/3/5/37352185/under-construction-animated_orig.gif]
[cdn2.editmysite.com/fonts/NeoRetroDraw/regular.eot]
[cdn2.editmysite.com/fonts/NeoRetroDraw/regular.ttf]
[cdn2.editmysite.com/fonts/NeoRetroDraw/regulard41d.eot]
[www.hirchert.com/construction.html]
[www.hirchert.com/uploads/3/7/3/5/37352185/17_orig.png]
[cdn2.editmysite.com/js/lang/en/stlaf9e.js]
[www.hirchert.com/2026.html]
[www.hirchert.com/uploads/3/7/3/5/37352185/2025-14_orig.png]
[www.hirchert.com/2025.html]
[cdn2.editmysite.com/js/site/main-customer-accounts-site2f76.js]
[www.hirchert.com/uploads/3/7/3/5/37352185/2024-19_orig.png]
[www.hirchert.com/2024.html]
[www.hirchert.com/uploads/3/7/3/5/37352185/2023-19_orig.png]
[www.hirchert.com/2023.html]
[www.hirchert.com/uploads/3/7/3/5/37352185/2022-19_orig.png]
[www.hirchert.com/2022.html]
[www.hirchert.com/uploads/3/7/3/5/37352185/2021-06_orig.png]
[www.hirchert.com/2021.html]
[www.hirchert.com/uploads/3/7/3/5/37352185/2019-20_orig.png]
[www.hirchert.com/2019.html]
[www.hirchert.com/uploads/3/7/3/5/37352185/pay_2.png]
[www.hirchert.com/uploads/3/7/3/5/37352185/2018-13_orig.png]
[www.hirchert.com/uploads/3/7/3/5/37352185/pay_orig.png]
[www.hirchert.com/uploads/3/7/3/5/37352185/2018b_1_orig.png]
[www.hirchert.com/2018.html]
[www.hirchert.com/uploads/3/7/3/5/37352185/2017-115_orig.png]
[www.hirchert.com/uploads/3/7/3/5/37352185/6633123_1_orig.png]
[www.hirchert.com/2017.html]
[www.hirchert.com/uploads/3/7/3/5/37352185/2016_1_orig.png]
[www.hirchert.com/uploads/3/7/3/5/37352185/6633123_orig.png]
[www.hirchert.com/uploads/3/7/3/5/37352185/9281820_orig.png]
[www.hirchert.com/2016.html]
[www.hirchert.com/uploads/3/7/3/5/37352185/_8682648_orig.png]
[www.hirchert.com/uploads/3/7/3/5/37352185/_907766_orig.png]
[www.hirchert.com/uploads/3/7/3/5/37352185/5654112_orig.png]
[www.hirchert.com/uploads/3/7/3/5/37352185/2015b.png]
[www.hirchert.com/2015.html]
[www.hirchert.com/uploads/3/7/3/5/37352185/1701119_orig.png]
[www.hirchert.com/uploads/3/7/3/5/37352185/4844585_orig.png]
[www.hirchert.com/uploads/3/7/3/5/37352185/6718719_orig.png]
[www.hirchert.com/uploads/3/7/3/5/37352185/2014b.png]
[www.hirchert.com/2014.html]
[www.hirchert.com/uploads/3/7/3/5/37352185/6782804_orig.png]
[www.hirchert.com/uploads/3/7/3/5/37352185/6888330_orig.png]
[www.hirchert.com/uploads/3/7/3/5/37352185/5470997_orig.png]
[www.hirchert.com/uploads/3/7/3/5/37352185/2013b.png]
[www.hirchert.com/2013.html]
[www.hirchert.com/uploads/3/7/3/5/37352185/4163669_orig.png]
[www.hirchert.com/uploads/3/7/3/5/37352185/3405828_orig.png]
[www.hirchert.com/uploads/3/7/3/5/37352185/9308805_orig.png]
[www.hirchert.com/uploads/3/7/3/5/37352185/2012b.png]
[www.hirchert.com/2012.html]
[www.hirchert.com/uploads/3/7/3/5/37352185/7894857_orig.png]
[www.hirchert.com/uploads/3/7/3/5/37352185/9415105_orig.png]
[www.hirchert.com/uploads/3/7/3/5/37352185/1862428_orig.png]
[www.hirchert.com/uploads/3/7/3/5/37352185/2011b.png]
[www.hirchert.com/2011.html]
[www.hirchert.com/uploads/3/7/3/5/37352185/4188219_orig.png]
[www.hirchert.com/uploads/3/7/3/5/37352185/1734438_orig.png]
[www.hirchert.com/uploads/3/7/3/5/37352185/4101171_orig.png]
[www.hirchert.com/uploads/3/7/3/5/37352185/2010b.png]
[www.hirchert.com/2010.html]
[www.hirchert.com/uploads/3/7/3/5/37352185/1380987_orig.png]
[www.hirchert.com/uploads/3/7/3/5/37352185/809230_orig.png]
[www.hirchert.com/uploads/3/7/3/5/37352185/8217738_orig.png]
[www.hirchert.com/uploads/3/7/3/5/37352185/2009b.png]
[www.hirchert.com/2009.html]
[www.hirchert.com/uploads/3/7/3/5/37352185/published/2024rules_1.png]
[www.hirchert.com/uploads/3/7/3/5/37352185/grid-27_orig.png]
[www.hirchert.com/60.html]
[www.hirchert.com/uploads/3/7/3/5/37352185/editor/2024rules304a.png]
[www.hirchert.com/uploads/3/7/3/5/37352185/supersquares59-28_orig.png]
[www.hirchert.com/59.html]
[www.hirchert.com/uploads/3/7/3/5/37352185/59-score-summary_orig.png]
[www.hirchert.com/uploads/3/7/3/5/37352185/rules-00_1.png]
[www.hirchert.com/uploads/3/7/3/5/37352185/grid-25_orig.png]
[www.hirchert.com/58.html]
[www.hirchert.com/uploads/3/7/3/5/37352185/rules-00_orig.png]
[www.hirchert.com/uploads/3/7/3/5/37352185/grid-28_orig.png]
[www.hirchert.com/57.html]
[www.hirchert.com/uploads/3/7/3/5/37352185/rules56_orig.png]
[www.hirchert.com/uploads/3/7/3/5/37352185/supersquares56-21_orig.png]
[www.hirchert.com/56.html]
[www.hirchert.com/uploads/3/7/3/5/37352185/rules55_orig.png]
[www.hirchert.com/uploads/3/7/3/5/37352185/supersquares55-32_orig.png]
[www.hirchert.com/55.html]
[www.hirchert.com/uploads/3/7/3/5/37352185/boxscore-png_orig.jpg]
[www.hirchert.com/uploads/3/7/3/5/37352185/rules54_orig.png]
[www.hirchert.com/uploads/3/7/3/5/37352185/supersquares54-32_orig.png]
[www.hirchert.com/uploads/3/7/3/5/37352185/score54_orig.png]
[www.hirchert.com/54.html]
[www.hirchert.com/uploads/3/7/3/5/37352185/rules53-2_orig.png]
[www.hirchert.com/uploads/3/7/3/5/37352185/supersquares53-28_orig.png]
[www.hirchert.com/uploads/3/7/3/5/37352185/score53-1_orig.png]
[www.hirchert.com/53.html]
[www.hirchert.com/uploads/3/7/3/5/37352185/rules52-1_orig.png]
[www.hirchert.com/uploads/3/7/3/5/37352185/supersquares52-2_orig.png]
[www.hirchert.com/uploads/3/7/3/5/37352185/score52-2_orig.png]
[www.hirchert.com/52.html]
[www.hirchert.com/uploads/3/7/3/5/37352185/rules51-1_orig.png]
[www.hirchert.com/uploads/3/7/3/5/37352185/supersquares51-1_orig.png]
[www.hirchert.com/uploads/3/7/3/5/37352185/score51-1_orig.png]
[www.hirchert.com/51.html]
[www.hirchert.com/uploads/3/7/3/5/37352185/rules50-1_orig.png]
[www.hirchert.com/uploads/3/7/3/5/37352185/supersquares50-1_orig.png]
[www.hirchert.com/uploads/3/7/3/5/37352185/score50-1_orig.png]
[www.hirchert.com/50.html]
[www.hirchert.com/uploads/3/7/3/5/37352185/_88091_orig.png]
[www.hirchert.com/uploads/3/7/3/5/37352185/_879174_orig.png]
[www.hirchert.com/uploads/3/7/3/5/37352185/score49-1_orig.png]
[www.hirchert.com/49.html]
[www.hirchert.com/uploads/3/7/3/5/37352185/2482239_orig.png]
[www.hirchert.com/uploads/3/7/3/5/37352185/2812655_orig.png]
[www.hirchert.com/uploads/3/7/3/5/37352185/score48-1_orig.png]
[www.hirchert.com/48.html]
[www.hirchert.com/uploads/3/7/3/5/37352185/4750569_orig.png]
[www.hirchert.com/uploads/3/7/3/5/37352185/1630607_orig.png]
[www.hirchert.com/uploads/3/7/3/5/37352185/score47-1_orig.png]
[www.hirchert.com/47.html]
[www.hirchert.com/uploads/3/7/3/5/37352185/3252974_orig.png]
[www.hirchert.com/uploads/3/7/3/5/37352185/2513976_orig.png]
[www.hirchert.com/uploads/3/7/3/5/37352185/score46-1_orig.png]
[www.hirchert.com/46.html]
[www.hirchert.com/uploads/3/7/3/5/37352185/6782190_orig.png]
[www.hirchert.com/uploads/3/7/3/5/37352185/2806802_orig.png]
[www.hirchert.com/uploads/3/7/3/5/37352185/score45-1_orig.png]
[www.hirchert.com/45.html]
[www.hirchert.com/uploads/3/7/3/5/37352185/699757_orig.png]
[www.hirchert.com/uploads/3/7/3/5/37352185/5266929_orig.png]
[www.hirchert.com/uploads/3/7/3/5/37352185/score44-1_orig.png]
[www.hirchert.com/44.html]
[www.hirchert.com/uploads/3/7/3/5/37352185/2892995_orig.png]
[www.hirchert.com/uploads/3/7/3/5/37352185/3696026_orig.png]
[www.hirchert.com/uploads/3/7/3/5/37352185/score43-1_orig.png]
[www.hirchert.com/43.html]
[www.hirchert.com/uploads/3/7/3/5/37352185/2026-balances01_orig.png]
[www.hirchert.com/uploads/3/7/3/5/37352185/2025-final_orig.png]
[www.hirchert.com/uploads/3/7/3/5/37352185/2024-balances00_orig.png]
[www.hirchert.com/uploads/3/7/3/5/37352185/2023-balances00_orig.png]
[www.hirchert.com/uploads/3/7/3/5/37352185/2022-balances00_orig.png]
[www.hirchert.com/majors-challenge.html]
[www.hirchert.com/uploads/3/7/3/5/37352185/2026-q1-01_orig.png]
[www.hirchert.com/uploads/3/7/3/5/37352185/2026-q2-01_orig.png]
[www.hirchert.com/uploads/3/7/3/5/37352185/2026-q3-01_orig.png]
[www.hirchert.com/2026-results.html]
[www.hirchert.com/uploads/3/7/3/5/37352185/2025-q1-00_orig.png]
[www.hirchert.com/uploads/3/7/3/5/37352185/2025-q2-03_orig.png]
[www.hirchert.com/uploads/3/7/3/5/37352185/2025-q3_orig.png]
[www.hirchert.com/2025-results.html]
[www.hirchert.com/uploads/3/7/3/5/37352185/2025-q4_orig.png]
[www.hirchert.com/uploads/3/7/3/5/37352185/2024-q1-00_orig.png]
[www.hirchert.com/uploads/3/7/3/5/37352185/2024-q2-00_orig.png]
[www.hirchert.com/uploads/3/7/3/5/37352185/2024-q3-00_orig.png]
[www.hirchert.com/uploads/3/7/3/5/37352185/2024-q4-00_orig.png]
[www.hirchert.com/2024-results.html]
[www.hirchert.com/uploads/3/7/3/5/37352185/frontpage-new_orig.png]
[www.hirchert.com/uploads/3/7/3/5/37352185/russ_orig.png]
[www.hirchert.com/_/uploads/3/7/3/5/37352185/background-images/489975662.jpg_]
[www.hirchert.com/hirchert200.html]
[www.hirchert.com/uploads/3/7/3/5/37352185/2025-balances-07_orig.png]
[www.hirchert.com/uploads/3/7/3/5/37352185/2024-balances-clean_orig.png]
[www.hirchert.com/uploads/3/7/3/5/37352185/2023-balances-final_orig.png]
[www.hirchert.com/uploads/3/7/3/5/37352185/2022-balances-final_orig.png]
[www.hirchert.com/uploads/3/7/3/5/37352185/2021-balances-final_orig.png]
[www.hirchert.com/uploads/3/7/3/5/37352185/2020-balances-final_orig.png]
[www.hirchert.com/uploads/3/7/3/5/37352185/2019-balances-final_orig.png]
[www.hirchert.com/uploads/3/7/3/5/37352185/2018-balances-final_orig.png]
[www.hirchert.com/uploads/3/7/3/5/37352185/2017-balances-final_orig.png]
[www.hirchert.com/uploads/3/7/3/5/37352185/2016-balances-final_orig.png]
[www.hirchert.com/uploads/3/7/3/5/37352185/2015-balances-final_orig.png]
[www.hirchert.com/uploads/3/7/3/5/37352185/2014-balances-final_orig.png]
[www.hirchert.com/uploads/3/7/3/5/37352185/2013-balances-final_orig.png]
[www.hirchert.com/uploads/3/7/3/5/37352185/2012-balances-final_orig.png]
[www.hirchert.com/uploads/3/7/3/5/37352185/2011-balances-final_orig.png]
[www.hirchert.com/uploads/3/7/3/5/37352185/2010-balances-final_orig.png]
[www.hirchert.com/uploads/3/7/3/5/37352185/2009-balances-final_orig.png]
[www.hirchert.com/uploads/3/7/3/5/37352185/2008-balances-final_orig.png]
[www.hirchert.com/uploads/3/7/3/5/37352185/2007-balances-final_orig.png]
[www.hirchert.com/uploads/3/7/3/5/37352185/2006-balances-final_orig.png]
[www.hirchert.com/uploads/3/7/3/5/37352185/2005-balances-final_orig.png]
[www.hirchert.com/uploads/3/7/3/5/37352185/2004-balances-final_orig.png]
[www.hirchert.com/uploads/3/7/3/5/37352185/2003-balances-final_orig.png]
[www.hirchert.com/uploads/3/7/3/5/37352185/2002-balances-final_orig.png]
[www.hirchert.com/uploads/3/7/3/5/37352185/2001-balances-final_orig.png]
[www.hirchert.com/balances.html]
[www.hirchert.com/uploads/3/7/3/5/37352185/2025-winners-01_orig.png]
[www.hirchert.com/uploads/3/7/3/5/37352185/2024-winners_2.png]
[www.hirchert.com/uploads/3/7/3/5/37352185/2023-winners-final_orig.png]
[www.hirchert.com/uploads/3/7/3/5/37352185/2022-winners-final_orig.png]
[www.hirchert.com/uploads/3/7/3/5/37352185/2021-winners-final_orig.png]
[www.hirchert.com/uploads/3/7/3/5/37352185/2020-winners-final_orig.png]
[www.hirchert.com/uploads/3/7/3/5/37352185/2019-winners-final_orig.png]
[www.hirchert.com/uploads/3/7/3/5/37352185/2018-winners-final_orig.png]
[www.hirchert.com/uploads/3/7/3/5/37352185/2017-winners-final_orig.png]
[www.hirchert.com/uploads/3/7/3/5/37352185/2016-winners-final_orig.png]
[www.hirchert.com/uploads/3/7/3/5/37352185/2015-winners-final_orig.png]
[www.hirchert.com/uploads/3/7/3/5/37352185/2014-winners-final_orig.png]
[www.hirchert.com/uploads/3/7/3/5/37352185/2013-winners-final_orig.png]
[www.hirchert.com/uploads/3/7/3/5/37352185/2012-winners-final_orig.png]
[www.hirchert.com/uploads/3/7/3/5/37352185/2011-winners-final_orig.png]
[www.hirchert.com/uploads/3/7/3/5/37352185/2010-winners-final_orig.png]
[www.hirchert.com/uploads/3/7/3/5/37352185/2009-winners-final_orig.png]
[www.hirchert.com/uploads/3/7/3/5/37352185/2008-winners-final_orig.png]
[www.hirchert.com/uploads/3/7/3/5/37352185/2007-winners-final_orig.png]
[www.hirchert.com/uploads/3/7/3/5/37352185/2006-winners-final_orig.png]
[www.hirchert.com/uploads/3/7/3/5/37352185/2005-winners-final_orig.png]
[www.hirchert.com/uploads/3/7/3/5/37352185/2004-winners-final_orig.png]
[www.hirchert.com/uploads/3/7/3/5/37352185/2003-winners-final_orig.png]
[www.hirchert.com/uploads/3/7/3/5/37352185/2002-winners-final_orig.png]
[www.hirchert.com/uploads/3/7/3/5/37352185/2001-winners-final_orig.png]
[www.hirchert.com/winners.html]
[www.hirchert.com/uploads/3/7/3/5/37352185/published/2025-draft9147.png]
[www.hirchert.com/uploads/3/7/3/5/37352185/2024-draft-results_2.png]
[www.hirchert.com/uploads/3/7/3/5/37352185/2023-draft-results_orig.png]
[www.hirchert.com/uploads/3/7/3/5/37352185/2022-draft-results_orig.png]
[www.hirchert.com/uploads/3/7/3/5/37352185/2021-draft-results_orig.png]
[www.hirchert.com/uploads/3/7/3/5/37352185/2020-draft-results_orig.png]
[www.hirchert.com/uploads/3/7/3/5/37352185/2019-draft-results_orig.png]
[www.hirchert.com/uploads/3/7/3/5/37352185/2018-draft-results-01_orig.png]
[www.hirchert.com/uploads/3/7/3/5/37352185/2018-draft-results-02_orig.png]
[www.hirchert.com/uploads/3/7/3/5/37352185/2017-draft-results-01_orig.png]
[www.hirchert.com/uploads/3/7/3/5/37352185/2017-draft-results-02_orig.png]
[www.hirchert.com/uploads/3/7/3/5/37352185/2016-draft-results-01_orig.png]
[www.hirchert.com/uploads/3/7/3/5/37352185/2016-draft-results-02_orig.png]
[www.hirchert.com/uploads/3/7/3/5/37352185/2015-draft-results-01_orig.png]
[www.hirchert.com/uploads/3/7/3/5/37352185/2015-draft-results-02_orig.png]
[www.hirchert.com/uploads/3/7/3/5/37352185/2014-draft-results-01_orig.png]
[www.hirchert.com/uploads/3/7/3/5/37352185/2014-draft-results-02_orig.png]
[www.hirchert.com/uploads/3/7/3/5/37352185/2013-draft-results-01_orig.png]
[www.hirchert.com/uploads/3/7/3/5/37352185/2013-draft-results-02_orig.png]
[www.hirchert.com/uploads/3/7/3/5/37352185/2012-draft-results-01_orig.png]
[www.hirchert.com/uploads/3/7/3/5/37352185/2012-draft-results-02_orig.png]
[www.hirchert.com/uploads/3/7/3/5/37352185/2011-draft-results-01_orig.png]
[www.hirchert.com/uploads/3/7/3/5/37352185/2011-draft-results-02_orig.png]
[www.hirchert.com/uploads/3/7/3/5/37352185/2010-draft-results-01_orig.png]
[www.hirchert.com/uploads/3/7/3/5/37352185/2010-draft-results-02_orig.png]
[www.hirchert.com/uploads/3/7/3/5/37352185/2009-draft-results-01_orig.png]
[www.hirchert.com/uploads/3/7/3/5/37352185/2009-draft-results-02_orig.png]
[www.hirchert.com/uploads/3/7/3/5/37352185/2008-draft-results-01_orig.png]
[www.hirchert.com/uploads/3/7/3/5/37352185/2008-draft-results-02_orig.png]
[www.hirchert.com/uploads/3/7/3/5/37352185/2007-draft-results-01_orig.png]
[www.hirchert.com/uploads/3/7/3/5/37352185/2007-draft-results-02_orig.png]
[www.hirchert.com/uploads/3/7/3/5/37352185/2006-draft-results-01_orig.png]
[www.hirchert.com/uploads/3/7/3/5/37352185/2006-draft-results-02_orig.png]
[www.hirchert.com/uploads/3/7/3/5/37352185/2005-draft-results-01_orig.png]
[www.hirchert.com/uploads/3/7/3/5/37352185/2005-draft-results-02_orig.png]
[www.hirchert.com/uploads/3/7/3/5/37352185/2004-draft-results-01_orig.png]
[www.hirchert.com/uploads/3/7/3/5/37352185/2004-draft-results-02_orig.png]
[www.hirchert.com/uploads/3/7/3/5/37352185/2003-draft-results-01_orig.png]
[www.hirchert.com/uploads/3/7/3/5/37352185/2003-draft-results-02_orig.png]
[www.hirchert.com/uploads/3/7/3/5/37352185/2002-draft-results-01_orig.png]
[www.hirchert.com/uploads/3/7/3/5/37352185/2002-draft-results-02_orig.png]
[www.hirchert.com/uploads/3/7/3/5/37352185/2001-draft-results-01_orig.png]
[www.hirchert.com/draft-results.html]
[www.hirchert.com/uploads/3/7/3/5/37352185/2001-draft-results-02_orig.png]
[www.hirchert.com/uploads/3/7/3/5/37352185/2025-recordbook1-01_orig.png]
[www.hirchert.com/uploads/3/7/3/5/37352185/leaders00-01_orig.png]
[www.hirchert.com/record-book.html]
[www.hirchert.com/uploads/3/7/3/5/37352185/leaders01-00_orig.png]
[www.hirchert.com/uploads/3/7/3/5/37352185/published/rules1-0039f2.png]
[www.hirchert.com/uploads/3/7/3/5/37352185/rules02_orig.png]
[www.hirchert.com/rules--payout.html]
[www.hirchert.com/cdn-cgi/l/email-protection.html]
[www.hirchert.com/files/theme/images/chevron-downc35e.svg]
[www.hirchert.com/files/theme/images/arrow-lightc35e.svg]
[www.hirchert.com/files/theme/images/arrow-darkc35e.svg]
[www.hirchert.com/_/uploads/3/7/3/5/37352185/background-images/489975662.html]
